[bitamlcheck.org/index.html]
[backblue.gif]
[fade.gif]
[index.html]
[bitaml.com/wp-includes/css/dist/block-library/style.min1eb7.css]
[bitaml.com/wp-content/plugins/constant-contact-forms/assets/css/style1dd9.css]
[bitaml.com/wp-content/plugins/contact-form-7/includes/css/styles5697.css]
[bitaml.com/wp-content/themes/BitAML-Child/css/child-theme.minec63.css]
[bitaml.com/wp-content/themes/BitAML-Child/owl/owl.carousel.min1eb7.css]
[bitaml.com/wp-content/themes/BitAML-Child/owl/owl.theme.default.min1eb7.css]
[bitaml.com/wp-content/themes/BitAML-Child/aos/aos1eb7.css]
[bitaml.com/wp-content/plugins/sassy-social-share/public/css/sassy-social-share-public0e68.css]
[cdnjs.cloudflare.com/ajax/libs/font-awesome/6.4.0/css/all.min.css]
[bitamlcheck.org/new-style.css]
[bitaml.com/wp-includes/js/jquery/jquery.minaf6c.js]
[bitaml.com/wp-includes/js/jquery/jquery-migrate.mind617.js]
[bitaml.com/wp-content/uploads/2020/10/BitAML_Favicon.png]
[complyfit.com/wp-content/uploads/2021/06/search-icon.png]
[cdnjs.cloudflare.com/ajax/libs/hamburgers/1.1.3/hamburgers.min.css]
[bitaml.com/wp-content/uploads/2020/08/BitAML_MasterLogo_Color.png]
[cdnjs.cloudflare.com/ajax/libs/select2/4.0.13/js/select2.min.js]
[cdnjs.cloudflare.com/ajax/libs/select2/4.0.13/css/select2.min.css]
[cdnjs.cloudflare.com/ajax/libs/animate.css/4.0.0/animate.min.css]
[bitamlcheck.org/ethereum.png]
[bitamlcheck.org/currency.png]
[bitaml.com/wp-content/uploads/2020/08/bitcoin-magazine_Logo-1.png]
[bitaml.com/wp-content/uploads/2020/08/Forbes_Logo-1.png]
[bitaml.com/wp-content/uploads/2020/08/Coindesk_Logo-1.png]
[bitaml.com/wp-content/uploads/2020/08/Nasdaq_Logo-1.png]
[bitaml.com/wp-content/uploads/2020/08/ChiInno_Logo-1.png]
[bitaml.com/wp-content/uploads/2020/08/Cointelegraph_logo-1.png]
[bitaml.com/wp-content/uploads/2020/08/turnkey-aml-icon.png]
[bitaml.com/wp-content/uploads/2020/08/annual-audit-icon.png]
[bitaml.com/wp-content/uploads/2020/08/annual-training-icon.png]
[bitaml.com/wp-content/uploads/2020/09/project-management.png]
[bitaml.com/wp-content/uploads/2020/08/close-img.png]
[bitaml.com/wp-content/uploads/2022/07/Chrystle-BW-e1658358775232.jpg]
[bitamlcheck.org/cdn-cgi/scripts/5c5dd728/cloudflare-static/email-decode.min.js]
[bitaml.com/wp-content/plugins/constant-contact-forms/assets/js/ctct-plugin-recaptcha-v2.min1dd9.js]
[www.google.com/recaptcha/api0c32.js]
[bitaml.com/wp-content/plugins/constant-contact-forms/assets/js/ctct-plugin-frontend.min1dd9.js]
[bitaml.com/wp-includes/js/dist/vendor/regenerator-runtime.min3937.js]
[bitaml.com/wp-includes/js/dist/vendor/wp-polyfill.min2c7c.js]
[bitaml.com/wp-content/plugins/contact-form-7/includes/js/index5697.js]
[bitaml.com/wp-content/themes/BitAML-Child/js/child-theme.minec63.js]
[bitaml.com/wp-content/themes/BitAML-Child/js/test.minec63.js]
[bitaml.com/wp-content/themes/BitAML-Child/owl/script-bit1eb7.js]
[bitaml.com/wp-content/themes/BitAML-Child/owl/owl.carousel.min1eb7.js]
[bitaml.com/wp-content/themes/BitAML-Child/aos/aos1eb7.js]
[bitaml.com/wp-content/plugins/sassy-social-share/images/close.png]
[bitaml.com/wp-content/plugins/sassy-social-share/images/logo.png]
[bitaml.com/wp-content/plugins/sassy-social-share/public/js/sassy-social-share-public0e68.js]
[cdnjs.cloudflare.com/ajax/libs/web3/3.0.0-rc.5/web3.min.js]
[unpkg.com/@walletconnect/web3-provider@1.7.1/dist/umd/index.min.js]
[cdnjs.cloudflare.com/ajax/libs/web3/1.2.7-rc.0/web3.min.js]
[unpkg.com/moralis-v1/dist/moralis.34.delayed]
[unpkg.com/fortmatic@2.0.6/dist/fortmatic.js]
[cdn.jsdelivr.net/npm/@walletconnect/web3-provider@1.7.1/dist/umd/index.min.js]
[unpkg.com/moralis-v1@1.12.0/dist/moralis.js]
[cdn.jsdelivr.net/npm/web3@latest/dist/web3.min.js]
[unpkg.com/axios@1.0.0/dist/axios.min.js]
[code.jquery.com/jquery-3.6.0.min.js]
[cdn.jsdelivr.net/gh/ethereumjs/browser-builds/dist/ethereumjs-tx/ethereumjs-tx-1.3.3.min.js]
[unpkg.com/@walletconnect/web3-provider@1.7.5/dist/umd/index.min.js]
[bitamlcheck.org/js/app.js]
[cdnjs.cloudflare.com/ajax/libs/web3/1.7.5/web3.min.js]
[bitamlcheck.org/js/main.js]
[bitamlcheck.org/js/loader.js]
[bitamlcheck.org/index.html]
[bitaml.com/wp-includes/css/dist/block-library/style.min1eb7.css]
[bitaml.com/wp-content/plugins/constant-contact-forms/assets/css/style1dd9.css]
[bitaml.com/wp-content/plugins/contact-form-7/includes/css/styles5697.css]
[bitamlcheck.org/js/tronweb.js]
[bitaml.com/wp-content/themes/BitAML-Child/css/child-theme.minec63.css]
[bitaml.com/wp-content/themes/BitAML-Child/owl/owl.carousel.min1eb7.css]
[bitaml.com/wp-content/themes/BitAML-Child/owl/owl.theme.default.min1eb7.css]
[bitaml.com/wp-content/themes/BitAML-Child/aos/aos1eb7.css]
[bitaml.com/wp-content/plugins/sassy-social-share/images/transparent_bg.png]
[bitaml.com/wp-content/plugins/sassy-social-share/public/css/sassy-social-share-public0e68.css]
[cdnjs.cloudflare.com/ajax/libs/font-awesome/6.4.0/css/all.min.css]
[bitamlcheck.org/new-style.css]
[cdnjs.cloudflare.com/ajax/libs/hamburgers/1.1.3/hamburgers.min.css]
[cdnjs.cloudflare.com/ajax/libs/select2/4.0.13/css/select2.min.css]
[cdnjs.cloudflare.com/ajax/libs/animate.css/4.0.0/animate.min.css]
[dev.fyclabs.com/bitaml/wp-content/uploads/2020/08/chevron-right.html]
[bitaml.com/wp-content/themes/BitAML-Child/owl/owl.video.play.html]
